Copyright 1986-2022 Xilinx, Inc. All Rights Reserved. Copyright 2022-2025 Advanced Micro Devices, Inc. All Rights Reserved.
---------------------------------------------------------------------------------------------------------------------------------------------
| Tool Version : Vivado v.2025.1 (win64) Build 6140274 Thu May 22 00:12:29 MDT 2025
| Date         : Tue Sep  2 09:13:09 2025
| Host         : JoshLaptop running 64-bit major release  (build 9200)
| Command      : report_control_sets -verbose -file top_control_sets_placed.rpt
| Design       : top
| Device       : xc7a100t
---------------------------------------------------------------------------------------------------------------------------------------------

Control Set Information

Table of Contents
-----------------
1. Summary
2. Histogram
3. Flip-Flop Distribution
4. Detailed Control Set Information

1. Summary
----------

+----------------------------------------------------------+-------+
|                          Status                          | Count |
+----------------------------------------------------------+-------+
| Total control sets                                       |   218 |
|    Minimum number of control sets                        |   218 |
|    Addition due to synthesis replication                 |     0 |
|    Addition due to physical synthesis replication        |     0 |
| Unused register locations in slices containing registers |   253 |
+----------------------------------------------------------+-------+
* Control sets can be merged at opt_design using control_set_merge or merge_equivalent_drivers
** Run report_qor_suggestions for automated merging and remapping suggestions


2. Histogram
------------

+--------------------+-------+
|       Fanout       | Count |
+--------------------+-------+
| Total control sets |   218 |
| >= 0 to < 4        |     3 |
| >= 4 to < 6        |     6 |
| >= 6 to < 8        |    36 |
| >= 8 to < 10       |    74 |
| >= 10 to < 12      |     2 |
| >= 12 to < 14      |     3 |
| >= 14 to < 16      |     4 |
| >= 16              |    90 |
+--------------------+-------+
* Control sets can be remapped at either synth_design or opt_design


3. Flip-Flop Distribution
-------------------------

+--------------+-----------------------+------------------------+-----------------+--------------+
| Clock Enable | Synchronous Set/Reset | Asynchronous Set/Reset | Total Registers | Total Slices |
+--------------+-----------------------+------------------------+-----------------+--------------+
| No           | No                    | No                     |              58 |           36 |
| No           | No                    | Yes                    |            2729 |          869 |
| No           | Yes                   | No                     |              67 |           36 |
| Yes          | No                    | No                     |            7877 |         2592 |
| Yes          | No                    | Yes                    |           10372 |         3117 |
| Yes          | Yes                   | No                     |            5116 |         1568 |
+--------------+-----------------------+------------------------+-----------------+--------------+


4. Detailed Control Set Information
-----------------------------------

+---------------------------+---------------------------------------------------------------------------------------------------------+------------------------------------------------------------------------------+------------------+----------------+--------------+
|        Clock Signal       |                                              Enable Signal                                              |                               Set/Reset Signal                               | Slice Load Count | Bel Load Count | Bels / Slice |
+---------------------------+---------------------------------------------------------------------------------------------------------+------------------------------------------------------------------------------+------------------+----------------+--------------+
|  my_clk_wiz/inst/clk_out1 | my_accelerator/my_control_system/my_wots_sign/j0                                                        |                                                                              |                1 |              1 |         1.00 |
|  my_clk_wiz/inst/clk_out1 | my_uart_tx/uart_tx_busy                                                                                 | my_uart_tx/txd_reg_i_1_n_0                                                   |                1 |              1 |         1.00 |
|  my_clk_wiz/inst/clk_out1 | my_accelerator/my_control_system/my_wots_pkFromSig/i[31]_i_2__0_n_0                                     |                                                                              |                1 |              1 |         1.00 |
|  my_clk_wiz/inst/clk_out1 | my_accelerator/my_control_system/my_chain/j_count0_0                                                    |                                                                              |                1 |              4 |         4.00 |
|  my_clk_wiz/inst/clk_out1 | my_accelerator/my_control_system/my_xmss_node/bram_count0                                               |                                                                              |                4 |              4 |         1.00 |
|  my_clk_wiz/inst/clk_out1 | my_uart_rx/next_bit                                                                                     | my_uart_rx/bit_counter[3]_i_1_n_0                                            |                1 |              4 |         4.00 |
|  my_clk_wiz/inst/clk_out1 | my_accelerator/my_control_system/my_wots_pkFromSig/csum[11]_i_1_n_0                                     | my_accelerator/my_control_system/my_wots_pkFromSig/csum[3]_i_1_n_0           |                1 |              4 |         4.00 |
|  my_clk_wiz/inst/clk_out1 | my_uart_tx/bit_counter[3]_i_2__0_n_0                                                                    | my_uart_tx/bit_counter[3]_i_1__0_n_0                                         |                1 |              4 |         4.00 |
|  my_clk_wiz/inst/clk_out1 | my_accelerator/target_index_reg[13]_i_1_n_0                                                             | my_accelerator/my_control_system/my_xmss_node/reset                          |                4 |              5 |         1.25 |
|  my_clk_wiz/inst/clk_out1 | my_accelerator/target_index_reg[6]_i_1_n_0                                                              | my_accelerator/my_control_system/my_xmss_node/reset                          |                2 |              6 |         3.00 |
|  my_clk_wiz/inst/clk_out1 | my_accelerator/message_reg[246]                                                                         | my_accelerator/my_control_system/my_xmss_node/reset                          |                4 |              7 |         1.75 |
|  my_clk_wiz/inst/clk_out1 | my_accelerator/message_reg[230]                                                                         | my_accelerator/my_control_system/my_xmss_node/reset                          |                2 |              7 |         3.50 |
|  my_clk_wiz/inst/clk_out1 | my_accelerator/message_reg[102]                                                                         | my_accelerator/my_control_system/my_xmss_node/reset                          |                2 |              7 |         3.50 |
|  my_clk_wiz/inst/clk_out1 | my_accelerator/message_reg[214]                                                                         | my_accelerator/my_control_system/my_xmss_node/reset                          |                2 |              7 |         3.50 |
|  my_clk_wiz/inst/clk_out1 | my_accelerator/message_reg[206]                                                                         | my_accelerator/my_control_system/my_xmss_node/reset                          |                3 |              7 |         2.33 |
|  my_clk_wiz/inst/clk_out1 | my_accelerator/message_reg[46]                                                                          | my_accelerator/my_control_system/my_xmss_node/reset                          |                3 |              7 |         2.33 |
|  my_clk_wiz/inst/clk_out1 | my_accelerator/message_reg[22]                                                                          | my_accelerator/my_control_system/my_xmss_node/reset                          |                5 |              7 |         1.40 |
|  my_clk_wiz/inst/clk_out1 | my_accelerator/message_reg[198]                                                                         | my_accelerator/my_control_system/my_xmss_node/reset                          |                3 |              7 |         2.33 |
|  my_clk_wiz/inst/clk_out1 | my_accelerator/message_reg[190]                                                                         | my_accelerator/my_control_system/my_xmss_node/reset                          |                4 |              7 |         1.75 |
|  my_clk_wiz/inst/clk_out1 | my_accelerator/message_reg[158]                                                                         | my_accelerator/my_control_system/my_xmss_node/reset                          |                3 |              7 |         2.33 |
|  my_clk_wiz/inst/clk_out1 | my_accelerator/message_reg[110]                                                                         | my_accelerator/my_control_system/my_xmss_node/reset                          |                2 |              7 |         3.50 |
|  my_clk_wiz/inst/clk_out1 | my_accelerator/message_reg[150]                                                                         | my_accelerator/my_control_system/my_xmss_node/reset                          |                3 |              7 |         2.33 |
|  my_clk_wiz/inst/clk_out1 | my_accelerator/message_reg[126]                                                                         | my_accelerator/my_control_system/my_xmss_node/reset                          |                3 |              7 |         2.33 |
|  my_clk_wiz/inst/clk_out1 | my_accelerator/message_reg[38]                                                                          | my_accelerator/my_control_system/my_xmss_node/reset                          |                3 |              7 |         2.33 |
|  my_clk_wiz/inst/clk_out1 | my_accelerator/message_reg[238]                                                                         | my_accelerator/my_control_system/my_xmss_node/reset                          |                2 |              7 |         3.50 |
|  my_clk_wiz/inst/clk_out1 | my_accelerator/message_reg[222]                                                                         | my_accelerator/my_control_system/my_xmss_node/reset                          |                3 |              7 |         2.33 |
|  my_clk_wiz/inst/clk_out1 | my_accelerator/message_reg[174]                                                                         | my_accelerator/my_control_system/my_xmss_node/reset                          |                3 |              7 |         2.33 |
|  my_clk_wiz/inst/clk_out1 | my_accelerator/target_height_reg[6]                                                                     | my_accelerator/my_control_system/my_xmss_node/reset                          |                3 |              7 |         2.33 |
|  my_clk_wiz/inst/clk_out1 | my_accelerator/message_reg[78]                                                                          | my_accelerator/my_control_system/my_xmss_node/reset                          |                3 |              7 |         2.33 |
|  my_clk_wiz/inst/clk_out1 | my_accelerator/message_reg[86]                                                                          | my_accelerator/my_control_system/my_xmss_node/reset                          |                3 |              7 |         2.33 |
|  my_clk_wiz/inst/clk_out1 | my_uart_tx/data_to_send[6]_i_1_n_0                                                                      | my_accelerator/my_control_system/my_xmss_node/reset                          |                2 |              7 |         3.50 |
|  my_clk_wiz/inst/clk_out1 | my_accelerator/my_control_system/my_xmss_sign/FSM_onehot_state[4]_i_1_n_0                               | my_accelerator/my_control_system/my_xmss_node/reset                          |                3 |              7 |         2.33 |
|  my_clk_wiz/inst/clk_out1 | my_accelerator/message_reg[54]                                                                          | my_accelerator/my_control_system/my_xmss_node/reset                          |                4 |              7 |         1.75 |
|  my_clk_wiz/inst/clk_out1 | my_accelerator/message_reg[166]                                                                         | my_accelerator/my_control_system/my_xmss_node/reset                          |                4 |              7 |         1.75 |
|  my_clk_wiz/inst/clk_out1 | my_accelerator/message_reg[254]                                                                         | my_accelerator/my_control_system/my_xmss_node/reset                          |                3 |              7 |         2.33 |
|  my_clk_wiz/inst/clk_out1 | my_accelerator/message_reg[134]                                                                         | my_accelerator/my_control_system/my_xmss_node/reset                          |                3 |              7 |         2.33 |
|  my_clk_wiz/inst/clk_out1 | my_accelerator/message_reg[118]                                                                         | my_accelerator/my_control_system/my_xmss_node/reset                          |                3 |              7 |         2.33 |
|  my_clk_wiz/inst/clk_out1 | my_accelerator/message_reg[30]                                                                          | my_accelerator/my_control_system/my_xmss_node/reset                          |                3 |              7 |         2.33 |
|  my_clk_wiz/inst/clk_out1 | my_accelerator/message_reg[182]                                                                         | my_accelerator/my_control_system/my_xmss_node/reset                          |                4 |              7 |         1.75 |
|  my_clk_wiz/inst/clk_out1 | my_accelerator/message_reg[94]                                                                          | my_accelerator/my_control_system/my_xmss_node/reset                          |                3 |              7 |         2.33 |
|  my_clk_wiz/inst/clk_out1 | my_accelerator/message_reg[6]                                                                           | my_accelerator/my_control_system/my_xmss_node/reset                          |                4 |              7 |         1.75 |
|  my_clk_wiz/inst/clk_out1 | my_accelerator/message_reg[14]                                                                          | my_accelerator/my_control_system/my_xmss_node/reset                          |                4 |              7 |         1.75 |
|  my_clk_wiz/inst/clk_out1 | my_accelerator/message_reg[62]                                                                          | my_accelerator/my_control_system/my_xmss_node/reset                          |                3 |              7 |         2.33 |
|  my_clk_wiz/inst/clk_out1 | my_accelerator/message_reg[142]                                                                         | my_accelerator/my_control_system/my_xmss_node/reset                          |                3 |              7 |         2.33 |
|  my_clk_wiz/inst/clk_out1 | my_accelerator/message_reg[70]                                                                          | my_accelerator/my_control_system/my_xmss_node/reset                          |                2 |              7 |         3.50 |
|  my_clk_wiz/inst/clk_out1 | my_accelerator/sig_reg[103]                                                                             | my_accelerator/my_control_system/my_xmss_node/reset                          |                4 |              8 |         2.00 |
|  my_clk_wiz/inst/clk_out1 | my_accelerator/sig_reg[111]                                                                             | my_accelerator/my_control_system/my_xmss_node/reset                          |                3 |              8 |         2.67 |
|  my_clk_wiz/inst/clk_out1 | my_accelerator/sig_reg[87]                                                                              | my_accelerator/my_control_system/my_xmss_node/reset                          |                3 |              8 |         2.67 |
|  my_clk_wiz/inst/clk_out1 | my_accelerator/sig_reg[15]                                                                              | my_accelerator/my_control_system/my_xmss_node/reset                          |                3 |              8 |         2.67 |
|  my_clk_wiz/inst/clk_out1 | my_accelerator/sig_reg[119]                                                                             | my_accelerator/my_control_system/my_xmss_node/reset                          |                4 |              8 |         2.00 |
|  my_clk_wiz/inst/clk_out1 | my_accelerator/sig_reg[79]                                                                              | my_accelerator/my_control_system/my_xmss_node/reset                          |                4 |              8 |         2.00 |
|  my_clk_wiz/inst/clk_out1 | my_accelerator/my_control_system/my_chain/i_reg0                                                        |                                                                              |                4 |              8 |         2.00 |
|  my_clk_wiz/inst/clk_out1 | my_accelerator/sig_reg[223]                                                                             | my_accelerator/my_control_system/my_xmss_node/reset                          |                2 |              8 |         4.00 |
|  my_clk_wiz/inst/clk_out1 | my_accelerator/sig_reg[167]                                                                             | my_accelerator/my_control_system/my_xmss_node/reset                          |                3 |              8 |         2.67 |
|  my_clk_wiz/inst/clk_out1 | my_accelerator/sig_reg[143]                                                                             | my_accelerator/my_control_system/my_xmss_node/reset                          |                3 |              8 |         2.67 |
|  my_clk_wiz/inst/clk_out1 | my_accelerator/sig_reg[247]                                                                             | my_accelerator/my_control_system/my_xmss_node/reset                          |                3 |              8 |         2.67 |
|  my_clk_wiz/inst/clk_out1 | my_accelerator/sig_reg[135]                                                                             | my_accelerator/my_control_system/my_xmss_node/reset                          |                3 |              8 |         2.67 |
|  my_clk_wiz/inst/clk_out1 | my_accelerator/sig_reg[151]                                                                             | my_accelerator/my_control_system/my_xmss_node/reset                          |                2 |              8 |         4.00 |
|  my_clk_wiz/inst/clk_out1 | my_accelerator/sig_reg[239]                                                                             | my_accelerator/my_control_system/my_xmss_node/reset                          |                3 |              8 |         2.67 |
|  my_clk_wiz/inst/clk_out1 | my_accelerator/sig_reg[183]                                                                             | my_accelerator/my_control_system/my_xmss_node/reset                          |                3 |              8 |         2.67 |
|  my_clk_wiz/inst/clk_out1 | my_accelerator/sig_reg[231]                                                                             | my_accelerator/my_control_system/my_xmss_node/reset                          |                2 |              8 |         4.00 |
|  my_clk_wiz/inst/clk_out1 | my_accelerator/sig_reg[207]                                                                             | my_accelerator/my_control_system/my_xmss_node/reset                          |                5 |              8 |         1.60 |
|  my_clk_wiz/inst/clk_out1 | my_accelerator/sig_reg[191]                                                                             | my_accelerator/my_control_system/my_xmss_node/reset                          |                2 |              8 |         4.00 |
|  my_clk_wiz/inst/clk_out1 | my_accelerator/sig_reg[127]                                                                             | my_accelerator/my_control_system/my_xmss_node/reset                          |                2 |              8 |         4.00 |
|  my_clk_wiz/inst/clk_out1 | my_accelerator/sig_reg[159]                                                                             | my_accelerator/my_control_system/my_xmss_node/reset                          |                2 |              8 |         4.00 |
|  my_clk_wiz/inst/clk_out1 | my_accelerator/sig_reg[175]                                                                             | my_accelerator/my_control_system/my_xmss_node/reset                          |                5 |              8 |         1.60 |
|  my_clk_wiz/inst/clk_out1 | my_accelerator/sig_reg[199]                                                                             | my_accelerator/my_control_system/my_xmss_node/reset                          |                3 |              8 |         2.67 |
|  my_clk_wiz/inst/clk_out1 | my_accelerator/sig_reg[255]                                                                             | my_accelerator/my_control_system/my_xmss_node/reset                          |                3 |              8 |         2.67 |
|  my_clk_wiz/inst/clk_out1 | my_accelerator/sig_reg[215]                                                                             | my_accelerator/my_control_system/my_xmss_node/reset                          |                4 |              8 |         2.00 |
|  my_clk_wiz/inst/clk_out1 | my_accelerator/sk_reg[159]                                                                              | my_accelerator/my_control_system/my_xmss_node/reset                          |                4 |              8 |         2.00 |
|  my_clk_wiz/inst/clk_out1 | my_accelerator/tx_data[7]_i_1_n_0                                                                       | my_accelerator/my_control_system/my_xmss_node/reset                          |                4 |              8 |         2.00 |
|  my_clk_wiz/inst/clk_out1 | my_accelerator/my_control_system/my_wots_pkFromSig/csum[11]_i_1_n_0                                     |                                                                              |                2 |              8 |         4.00 |
|  my_clk_wiz/inst/clk_out1 | my_accelerator/sk_reg[215]                                                                              | my_accelerator/my_control_system/my_xmss_node/reset                          |                2 |              8 |         4.00 |
|  my_clk_wiz/inst/clk_out1 | my_accelerator/sk_reg[103]                                                                              | my_accelerator/my_control_system/my_xmss_node/reset                          |                1 |              8 |         8.00 |
|  my_clk_wiz/inst/clk_out1 | my_accelerator/sk_reg[79]                                                                               | my_accelerator/my_control_system/my_xmss_node/reset                          |                3 |              8 |         2.67 |
|  my_clk_wiz/inst/clk_out1 | my_accelerator/sk_reg[199]                                                                              | my_accelerator/my_control_system/my_xmss_node/reset                          |                4 |              8 |         2.00 |
|  my_clk_wiz/inst/clk_out1 | my_accelerator/sk_reg[167]                                                                              | my_accelerator/my_control_system/my_xmss_node/reset                          |                4 |              8 |         2.00 |
|  my_clk_wiz/inst/clk_out1 | my_accelerator/sk_reg[47]                                                                               | my_accelerator/my_control_system/my_xmss_node/reset                          |                3 |              8 |         2.67 |
|  my_clk_wiz/inst/clk_out1 | my_accelerator/sk_reg[111]                                                                              | my_accelerator/my_control_system/my_xmss_node/reset                          |                4 |              8 |         2.00 |
|  my_clk_wiz/inst/clk_out1 | my_accelerator/sk_reg[175]                                                                              | my_accelerator/my_control_system/my_xmss_node/reset                          |                3 |              8 |         2.67 |
|  my_clk_wiz/inst/clk_out1 | my_accelerator/sk_reg[255]                                                                              | my_accelerator/my_control_system/my_xmss_node/reset                          |                5 |              8 |         1.60 |
|  my_clk_wiz/inst/clk_out1 | my_accelerator/sk_reg[23]                                                                               | my_accelerator/my_control_system/my_xmss_node/reset                          |                2 |              8 |         4.00 |
|  my_clk_wiz/inst/clk_out1 | my_accelerator/sk_reg[223]                                                                              | my_accelerator/my_control_system/my_xmss_node/reset                          |                3 |              8 |         2.67 |
|  my_clk_wiz/inst/clk_out1 | my_accelerator/sk_reg[87]                                                                               | my_accelerator/my_control_system/my_xmss_node/reset                          |                4 |              8 |         2.00 |
|  my_clk_wiz/inst/clk_out1 | my_accelerator/sk_reg[7]                                                                                | my_accelerator/my_control_system/my_xmss_node/reset                          |                3 |              8 |         2.67 |
|  my_clk_wiz/inst/clk_out1 | my_accelerator/sk_reg[191]                                                                              | my_accelerator/my_control_system/my_xmss_node/reset                          |                3 |              8 |         2.67 |
|  my_clk_wiz/inst/clk_out1 | my_accelerator/sk_reg[151]                                                                              | my_accelerator/my_control_system/my_xmss_node/reset                          |                4 |              8 |         2.00 |
|  my_clk_wiz/inst/clk_out1 | my_accelerator/sk_reg[15]                                                                               | my_accelerator/my_control_system/my_xmss_node/reset                          |                4 |              8 |         2.00 |
|  my_clk_wiz/inst/clk_out1 | my_accelerator/sk_reg[31]                                                                               | my_accelerator/my_control_system/my_xmss_node/reset                          |                3 |              8 |         2.67 |
|  my_clk_wiz/inst/clk_out1 | my_accelerator/sk_reg[119]                                                                              | my_accelerator/my_control_system/my_xmss_node/reset                          |                3 |              8 |         2.67 |
|  my_clk_wiz/inst/clk_out1 | my_accelerator/sk_reg[39]                                                                               | my_accelerator/my_control_system/my_xmss_node/reset                          |                3 |              8 |         2.67 |
|  my_clk_wiz/inst/clk_out1 | my_accelerator/my_control_system/my_wots_sign/csum0                                                     | my_accelerator/my_control_system/my_wots_sign/csum[7]_i_1__0_n_0             |                2 |              8 |         4.00 |
|  my_clk_wiz/inst/clk_out1 | my_accelerator/my_control_system/my_wots_sign/csum_ready0                                               |                                                                              |                3 |              8 |         2.67 |
|  my_clk_wiz/inst/clk_out1 | my_accelerator/my_control_system/my_wots_sign/csum_array_reg[0]0                                        |                                                                              |                3 |              8 |         2.67 |
|  my_clk_wiz/inst/clk_out1 | my_accelerator/sk_reg[143]                                                                              | my_accelerator/my_control_system/my_xmss_node/reset                          |                3 |              8 |         2.67 |
|  my_clk_wiz/inst/clk_out1 | my_accelerator/sk_reg[95]                                                                               | my_accelerator/my_control_system/my_xmss_node/reset                          |                3 |              8 |         2.67 |
|  my_clk_wiz/inst/clk_out1 | my_accelerator/sk_reg[135]                                                                              | my_accelerator/my_control_system/my_xmss_node/reset                          |                2 |              8 |         4.00 |
|  my_clk_wiz/inst/clk_out1 | my_accelerator/sk_reg[183]                                                                              | my_accelerator/my_control_system/my_xmss_node/reset                          |                3 |              8 |         2.67 |
|  my_clk_wiz/inst/clk_out1 | my_accelerator/sk_reg[247]                                                                              | my_accelerator/my_control_system/my_xmss_node/reset                          |                3 |              8 |         2.67 |
|  my_clk_wiz/inst/clk_out1 | my_accelerator/sk_reg[239]                                                                              | my_accelerator/my_control_system/my_xmss_node/reset                          |                3 |              8 |         2.67 |
|  my_clk_wiz/inst/clk_out1 | my_accelerator/sk_reg[63]                                                                               | my_accelerator/my_control_system/my_xmss_node/reset                          |                3 |              8 |         2.67 |
|  my_clk_wiz/inst/clk_out1 | my_accelerator/sk_reg[127]                                                                              | my_accelerator/my_control_system/my_xmss_node/reset                          |                4 |              8 |         2.00 |
|  my_clk_wiz/inst/clk_out1 | my_accelerator/my_control_system/my_xmss_node/addr_bram[7]_i_1_n_0                                      | my_accelerator/my_control_system/my_xmss_node/reset                          |                5 |              8 |         1.60 |
|  my_clk_wiz/inst/clk_out1 | my_accelerator/sk_reg[207]                                                                              | my_accelerator/my_control_system/my_xmss_node/reset                          |                3 |              8 |         2.67 |
|  my_clk_wiz/inst/clk_out1 | my_accelerator/sk_reg[71]                                                                               | my_accelerator/my_control_system/my_xmss_node/reset                          |                3 |              8 |         2.67 |
|  my_clk_wiz/inst/clk_out1 | my_accelerator/sk_reg[55]                                                                               | my_accelerator/my_control_system/my_xmss_node/reset                          |                3 |              8 |         2.67 |
|  my_clk_wiz/inst/clk_out1 | my_accelerator/target_height_reg[15]                                                                    | my_accelerator/my_control_system/my_xmss_node/reset                          |                3 |              8 |         2.67 |
|  my_clk_wiz/inst/clk_out1 | my_uart_rx/recieved_data0                                                                               | my_uart_rx/recieved_data[7]_i_1_n_0                                          |                2 |              8 |         4.00 |
|  my_clk_wiz/inst/clk_out1 | my_uart_rx/uart_rx_data[7]_i_1_n_0                                                                      | my_accelerator/my_control_system/my_xmss_node/reset                          |                2 |              8 |         4.00 |
|  my_clk_wiz/inst/clk_out1 | my_accelerator/sk_reg[231]                                                                              | my_accelerator/my_control_system/my_xmss_node/reset                          |                4 |              8 |         2.00 |
|  my_clk_wiz/inst/clk_out1 | my_accelerator/sig_reg[7]                                                                               | my_accelerator/my_control_system/my_xmss_node/reset                          |                3 |              8 |         2.67 |
|  my_clk_wiz/inst/clk_out1 | my_accelerator/sig_reg[31]                                                                              | my_accelerator/my_control_system/my_xmss_node/reset                          |                3 |              8 |         2.67 |
|  my_clk_wiz/inst/clk_out1 | my_accelerator/sig_reg[55]                                                                              | my_accelerator/my_control_system/my_xmss_node/reset                          |                2 |              8 |         4.00 |
|  my_clk_wiz/inst/clk_out1 | my_accelerator/sig_reg[95]                                                                              | my_accelerator/my_control_system/my_xmss_node/reset                          |                3 |              8 |         2.67 |
|  my_clk_wiz/inst/clk_out1 | my_accelerator/sig_reg[23]                                                                              | my_accelerator/my_control_system/my_xmss_node/reset                          |                3 |              8 |         2.67 |
|  my_clk_wiz/inst/clk_out1 | my_accelerator/sig_reg[39]                                                                              | my_accelerator/my_control_system/my_xmss_node/reset                          |                4 |              8 |         2.00 |
|  my_clk_wiz/inst/clk_out1 | my_accelerator/sig_reg[47]                                                                              | my_accelerator/my_control_system/my_xmss_node/reset                          |                3 |              8 |         2.67 |
|  my_clk_wiz/inst/clk_out1 | my_accelerator/sig_reg[71]                                                                              | my_accelerator/my_control_system/my_xmss_node/reset                          |                3 |              8 |         2.67 |
|  my_clk_wiz/inst/clk_out1 | my_accelerator/sig_reg[63]                                                                              | my_accelerator/my_control_system/my_xmss_node/reset                          |                3 |              8 |         2.67 |
|  my_clk_wiz/inst/clk_out1 | my_accelerator/my_control_system/my_wots_pkFromSig/FSM_onehot_current_state[8]_i_1_n_0                  | my_accelerator/my_control_system/my_xmss_node/reset                          |                5 |             10 |         2.00 |
|  my_clk_wiz/inst/clk_out1 |                                                                                                         | my_accelerator/my_control_system/my_compression_mux/hash_reset               |                5 |             11 |         2.20 |
|  my_clk_wiz/inst/clk_out1 | my_accelerator/my_control_system/my_wots_pkFromSig/csum_ready0                                          |                                                                              |                4 |             12 |         3.00 |
|  my_clk_wiz/inst/clk_out1 | my_accelerator/my_control_system/my_chain/j_count0_0                                                    | my_accelerator/my_control_system/my_chain_mux/valid_in_reg_0                 |                2 |             12 |         6.00 |
|  my_clk_wiz/inst/clk_out1 | my_accelerator/my_control_system/my_wots_pkFromSig/csum_array_reg[0]0                                   |                                                                              |                7 |             12 |         1.71 |
|  my_clk_wiz/inst/clk_out1 | my_accelerator/my_sig_fifo/U0/inst_fifo_gen/gconvfifo.rf/grf.rf/gntv_or_sync_fifo.gl0.wr/gwss.wsts/E[0] | my_accelerator/my_control_system/my_xmss_node/reset                          |                2 |             14 |         7.00 |
|  my_clk_wiz/inst/clk_out1 | my_uart_rx/cycle_counter0                                                                               | my_uart_rx/cycle_counter[0]_i_1_n_0                                          |                4 |             14 |         3.50 |
|  my_clk_wiz/inst/clk_out1 | my_uart_tx/uart_tx_busy                                                                                 | my_uart_tx/cycle_counter[0]_i_1__0_n_0                                       |                4 |             14 |         3.50 |
|  my_clk_wiz/inst/clk_out1 | my_accelerator/my_sig_fifo/U0/inst_fifo_gen/gconvfifo.rf/grf.rf/gntv_or_sync_fifo.gl0.rd/grss.rsts/E[0] | my_accelerator/my_control_system/my_xmss_node/reset                          |                3 |             14 |         4.67 |
|  my_clk_wiz/inst/clk_out1 | my_accelerator/node_target_height[15]_i_1_n_0                                                           | my_accelerator/my_control_system/my_xmss_node/reset                          |                4 |             16 |         4.00 |
|  my_clk_wiz/inst/clk_out1 | my_accelerator/my_control_system/my_xmss_pkFromSig/index_reg[15]_i_1_n_0                                |                                                                              |                5 |             16 |         3.20 |
|  my_clk_wiz/inst/clk_out1 | my_accelerator/my_control_system/my_chain/j_count0_0                                                    | my_accelerator/my_control_system/my_chain/j_count[31]_i_1_n_0                |                5 |             16 |         3.20 |
|  my_clk_wiz/inst/clk_out1 | my_accelerator/op_input[1]_i_1_n_0                                                                      | my_accelerator/my_control_system/my_xmss_node/reset                          |               16 |             24 |         1.50 |
|  my_clk_wiz/inst/clk_out1 | my_accelerator/my_control_system/my_xmss_node/bram_count0                                               | my_accelerator/my_control_system/my_xmss_node/bram_count[31]_i_1_n_0         |                8 |             28 |         3.50 |
|  my_clk_wiz/inst/clk_out1 | my_accelerator/my_control_system/my_wots_pkGen/compression_count[0]_i_1_n_0                             |                                                                              |                8 |             31 |         3.88 |
|  my_clk_wiz/inst/clk_out1 | my_accelerator/my_control_system/my_wots_sign/j0                                                        | my_accelerator/my_control_system/my_wots_sign/j[31]_i_1_n_0                  |                8 |             31 |         3.88 |
|  my_clk_wiz/inst/clk_out1 | my_accelerator/my_control_system/my_wots_pkFromSig/fifo_count0                                          | my_accelerator/my_control_system/my_wots_pkFromSig/fifo_count[31]_i_1__0_n_0 |                8 |             31 |         3.88 |
|  my_clk_wiz/inst/clk_out1 | my_accelerator/my_control_system/my_wots_pkFromSig/compression_count[0]_i_1__0_n_0                      |                                                                              |                8 |             31 |         3.88 |
|  my_clk_wiz/inst/clk_out1 | my_accelerator/my_control_system/my_xmss_node/array_count0                                              | my_accelerator/my_control_system/my_xmss_node/array_count[31]_i_1_n_0        |                9 |             32 |         3.56 |
|  my_clk_wiz/inst/clk_out1 | my_accelerator/my_control_system/my_xmss_node/valid_out_reg_2                                           | my_accelerator/my_control_system/my_xmss_node/state_reg[1]                   |                8 |             32 |         4.00 |
|  my_clk_wiz/inst/clk_out1 | my_accelerator/my_control_system/my_wots_pkGen/loop_count[31]_i_2_n_0                                   | my_accelerator/my_control_system/my_wots_pkGen/loop_count[31]_i_1_n_0        |                8 |             32 |         4.00 |
|  my_clk_wiz/inst/clk_out1 | my_accelerator/my_control_system/my_xmss_pkFromSig/k0                                                   |                                                                              |                8 |             32 |         4.00 |
|  my_clk_wiz/inst/clk_out1 | my_accelerator/my_control_system/my_xmss_node/z0                                                        |                                                                              |               10 |             32 |         3.20 |
|  my_clk_wiz/inst/clk_out1 | my_accelerator/my_control_system/my_xmss_sign/wots_sign_count0                                          |                                                                              |                8 |             32 |         4.00 |
|  my_clk_wiz/inst/clk_out1 | my_accelerator/fifo_count[31]_i_1_n_0                                                                   | my_accelerator/my_control_system/my_xmss_node/reset                          |               14 |             32 |         2.29 |
|  my_clk_wiz/inst/clk_out1 | my_accelerator/my_control_system/my_xmss_node/j_count0                                                  |                                                                              |                8 |             32 |         4.00 |
|  my_clk_wiz/inst/clk_out1 | my_accelerator/my_control_system/my_xmss_pkFromSig/fifo_count0                                          |                                                                              |                8 |             32 |         4.00 |
|  my_clk_wiz/inst/clk_out1 | my_accelerator/my_control_system/my_xmss_node/level_i0__1                                               |                                                                              |               13 |             32 |         2.46 |
|  my_clk_wiz/inst/clk_out1 | my_accelerator/my_control_system/my_wots_sign/i0                                                        |                                                                              |                8 |             32 |         4.00 |
|  my_clk_wiz/inst/clk_out1 | my_accelerator/my_control_system/my_xmss_node/i0                                                        |                                                                              |               10 |             32 |         3.20 |
|  my_clk_wiz/inst/clk_out1 | my_accelerator/my_control_system/my_wots_pkFromSig/i[31]_i_2__0_n_0                                     | my_accelerator/my_control_system/my_wots_pkFromSig/i[31]_i_1__0_n_0          |                9 |             33 |         3.67 |
|  my_clk_wiz/inst/clk_out1 | my_accelerator/my_control_system/state_reg[1]_0                                                         | my_accelerator/my_control_system/my_xmss_node/reset                          |               26 |             38 |         1.46 |
|  my_clk_wiz/inst/clk_out1 |                                                                                                         | my_accelerator/my_control_system/my_hash_unit/hash_core_reset_reg_n_0        |               22 |             45 |         2.05 |
|  my_clk_wiz/inst/clk_out1 |                                                                                                         |                                                                              |               36 |             58 |         1.61 |
|  my_clk_wiz/inst/clk_out1 | my_accelerator/my_control_system/my_xmss_node/hash_reg_20                                               |                                                                              |              120 |            256 |         2.13 |
|  my_clk_wiz/inst/clk_out1 | my_accelerator/my_control_system/my_chain/hash_data_in_0[255]_i_1__0_n_0                                | my_accelerator/my_control_system/my_xmss_node/reset                          |               96 |            256 |         2.67 |
|  my_clk_wiz/inst/clk_out1 | my_accelerator/my_control_system/my_xmss_node/hash_reg_10                                               |                                                                              |               78 |            256 |         3.28 |
|  my_clk_wiz/inst/clk_out1 | my_accelerator/my_control_system/compresion_core/core/H_we                                              | my_accelerator/my_control_system/my_compression_mux/hash_reset               |               64 |            256 |         4.00 |
|  my_clk_wiz/inst/clk_out1 | my_accelerator/my_control_system/my_hash_unit/sha256_stream_inst0/core/H_we                             | my_accelerator/my_control_system/my_hash_unit/hash_core_reset_reg_n_0        |               64 |            256 |         4.00 |
|  my_clk_wiz/inst/clk_out1 | my_accelerator/my_control_system/my_hash_unit/sha256_stream_inst1/core/H_we                             | my_accelerator/my_control_system/my_hash_unit/hash_core_reset_reg_n_0        |               64 |            256 |         4.00 |
|  my_clk_wiz/inst/clk_out1 | my_accelerator/my_control_system/my_hash_unit/sha256_stream_inst2/core/H_we                             | my_accelerator/my_control_system/my_hash_unit/hash_core_reset_reg_n_0        |               64 |            256 |         4.00 |
|  my_clk_wiz/inst/clk_out1 | my_accelerator/my_control_system/my_hash_unit/i___1029_n_0                                              | my_accelerator/my_control_system/my_xmss_node/reset                          |               48 |            256 |         5.33 |
|  my_clk_wiz/inst/clk_out1 | my_accelerator/my_control_system/my_wots_pkFromSig/message_array_reg[0]0                                |                                                                              |               93 |            256 |         2.75 |
|  my_clk_wiz/inst/clk_out1 | my_accelerator/my_control_system/my_wots_pkFromSig/sig_reg0                                             | my_accelerator/my_control_system/my_wots_pkFromSig/sig_reg[255]_i_1_n_0      |               65 |            256 |         3.94 |
|  my_clk_wiz/inst/clk_out1 | my_accelerator/my_control_system/my_wots_pkFromSig/M_reg0                                               |                                                                              |               92 |            256 |         2.78 |
|  my_clk_wiz/inst/clk_out1 | my_accelerator/my_control_system/my_wots_pkGen/sk_reg0                                                  |                                                                              |               76 |            256 |         3.37 |
|  my_clk_wiz/inst/clk_out1 | my_accelerator/my_control_system/my_wots_pkGen/sk_seed_reg0                                             |                                                                              |               91 |            256 |         2.81 |
|  my_clk_wiz/inst/clk_out1 | my_accelerator/my_control_system/my_hash_unit/E[0]                                                      |                                                                              |               67 |            256 |         3.82 |
|  my_clk_wiz/inst/clk_out1 | my_accelerator/my_control_system/my_wots_sign/message_reg[0]0                                           |                                                                              |               66 |            256 |         3.88 |
|  my_clk_wiz/inst/clk_out1 | my_accelerator/my_control_system/my_wots_sign/sk0                                                       |                                                                              |               87 |            256 |         2.94 |
|  my_clk_wiz/inst/clk_out1 | my_accelerator/my_control_system/my_xmss_node/din_bram[255]_i_1_n_0                                     | my_accelerator/my_control_system/my_xmss_node/reset                          |               73 |            256 |         3.51 |
|  my_clk_wiz/inst/clk_out1 | my_accelerator/my_control_system/my_xmss_node/hash_reg_30                                               |                                                                              |              102 |            256 |         2.51 |
|  my_clk_wiz/inst/clk_out1 | my_accelerator/my_control_system/my_xmss_node/hash_reg_00                                               |                                                                              |               71 |            256 |         3.61 |
|  my_clk_wiz/inst/clk_out1 | my_accelerator/my_control_system/my_xmss_node/sk_seed_wots_pkGen[255]_i_1_n_0                           | my_accelerator/my_control_system/my_xmss_node/reset                          |               70 |            256 |         3.66 |
|  my_clk_wiz/inst/clk_out1 | my_accelerator/my_control_system/my_xmss_node/node_out[255]_i_1_n_0                                     | my_accelerator/my_control_system/my_xmss_node/reset                          |               62 |            256 |         4.13 |
|  my_clk_wiz/inst/clk_out1 | my_accelerator/node_secret_seed[255]_i_1_n_0                                                            | my_accelerator/my_control_system/my_xmss_node/reset                          |               75 |            256 |         3.41 |
|  my_clk_wiz/inst/clk_out1 | my_accelerator/message_in[255]_i_1_n_0                                                                  | my_accelerator/my_control_system/my_xmss_node/reset                          |               52 |            256 |         4.92 |
|  my_clk_wiz/inst/clk_out1 | my_accelerator/din_global                                                                               | my_accelerator/my_control_system/my_xmss_node/reset                          |               54 |            256 |         4.74 |
|  my_clk_wiz/inst/clk_out1 | my_accelerator/my_control_system/E[0]                                                                   |                                                                              |               70 |            256 |         3.66 |
|  my_clk_wiz/inst/clk_out1 | my_accelerator/my_control_system/my_xmss_pkFromSig/xmss_auth_reg[255]_i_1_n_0                           |                                                                              |               92 |            256 |         2.78 |
|  my_clk_wiz/inst/clk_out1 | my_accelerator/my_control_system/my_xmss_pkFromSig/node_00                                              |                                                                              |               88 |            256 |         2.91 |
|  my_clk_wiz/inst/clk_out1 | my_accelerator/my_control_system/my_xmss_pkFromSig/message_reg0                                         |                                                                              |               96 |            256 |         2.67 |
|  my_clk_wiz/inst/clk_out1 | my_accelerator/my_control_system/my_xmss_node/E[0]                                                      |                                                                              |              101 |            256 |         2.53 |
|  my_clk_wiz/inst/clk_out1 | my_accelerator/my_control_system/my_xmss_pkFromSig/pk[255]_i_1_n_0                                      | my_accelerator/my_control_system/my_xmss_node/reset                          |               63 |            257 |         4.08 |
|  my_clk_wiz/inst/clk_out1 | my_accelerator/my_control_system/my_chain/tmp[255]_i_1_n_0                                              | my_accelerator/my_control_system/my_xmss_node/reset                          |               94 |            257 |         2.73 |
|  my_clk_wiz/inst/clk_out1 | my_accelerator/my_control_system/my_wots_sign/sig[255]_i_1_n_0                                          | my_accelerator/my_control_system/my_xmss_node/reset                          |               52 |            257 |         4.94 |
|  my_clk_wiz/inst/clk_out1 | my_accelerator/my_control_system/my_xmss_pkFromSig/message_wots_pkFromSig[255]_i_1_n_0                  | my_accelerator/my_control_system/my_xmss_node/reset                          |               77 |            257 |         3.34 |
|  my_clk_wiz/inst/clk_out1 | my_accelerator/my_control_system/my_xmss_sign/din[255]_i_1_n_0                                          | my_accelerator/my_control_system/my_xmss_node/reset                          |               90 |            257 |         2.86 |
|  my_clk_wiz/inst/clk_out1 | my_accelerator/my_control_system/my_wots_pkFromSig/pk_sig[255]_i_1_n_0                                  | my_accelerator/my_control_system/my_xmss_node/reset                          |               51 |            257 |         5.04 |
|  my_clk_wiz/inst/clk_out1 | my_accelerator/my_control_system/my_wots_pkGen/hash_reset_i_1_n_0                                       | my_accelerator/my_control_system/my_xmss_node/reset                          |               45 |            258 |         5.73 |
|  my_clk_wiz/inst/clk_out1 | my_accelerator/my_control_system/my_wots_pkGen/x_wots_chain[255]_i_1_n_0                                | my_accelerator/my_control_system/my_xmss_node/reset                          |               73 |            258 |         3.53 |
|  my_clk_wiz/inst/clk_out1 | my_accelerator/my_control_system/my_wots_sign/chain_x[255]_i_1_n_0                                      | my_accelerator/my_control_system/my_xmss_node/reset                          |              107 |            260 |         2.43 |
|  my_clk_wiz/inst/clk_out1 | my_accelerator/my_control_system/my_wots_sign/new_message_reg[0]0                                       |                                                                              |               79 |            264 |         3.34 |
|  my_clk_wiz/inst/clk_out1 | my_accelerator/my_control_system/my_wots_pkFromSig/chain_x[255]_i_1__0_n_0                              | my_accelerator/my_control_system/my_xmss_node/reset                          |               65 |            265 |         4.08 |
|  my_clk_wiz/inst/clk_out1 | my_accelerator/my_control_system/my_wots_pkFromSig/con_message_array_reg[0]0                            |                                                                              |               75 |            268 |         3.57 |
|  my_clk_wiz/inst/clk_out1 | my_accelerator/my_control_system/my_xmss_sign/sk_seed_xmss_node[255]_i_1_n_0                            | my_accelerator/my_control_system/my_xmss_node/reset                          |              105 |            272 |         2.59 |
|  my_clk_wiz/inst/clk_out1 | my_accelerator/my_control_system/my_xmss_pkFromSig/valid_out_reg_0                                      | my_accelerator/my_control_system/my_xmss_pkFromSig/valid_out_reg_1           |              119 |            272 |         2.29 |
|  my_clk_wiz/inst/clk_out1 | my_accelerator/my_control_system/my_hash_unit/sha256_stream_inst2/core/a_h_we                           | my_accelerator/my_control_system/my_hash_unit/hash_core_reset_reg_n_0        |              111 |            273 |         2.46 |
|  my_clk_wiz/inst/clk_out1 | my_accelerator/my_control_system/my_hash_unit/sha256_stream_inst1/core/a_h_we                           | my_accelerator/my_control_system/my_hash_unit/hash_core_reset_reg_n_0        |              106 |            273 |         2.58 |
|  my_clk_wiz/inst/clk_out1 | my_accelerator/my_control_system/my_hash_unit/sha256_stream_inst0/core/a_h_we                           | my_accelerator/my_control_system/my_hash_unit/hash_core_reset_reg_n_0        |               99 |            273 |         2.76 |
|  my_clk_wiz/inst/clk_out1 | my_accelerator/my_control_system/compresion_core/core/a_h_we                                            | my_accelerator/my_control_system/my_compression_mux/hash_reset               |               93 |            273 |         2.94 |
|  my_clk_wiz/inst/clk_out1 | my_accelerator/my_control_system/my_xmss_node/t_h0                                                      |                                                                              |              111 |            288 |         2.59 |
|  my_clk_wiz/inst/clk_out1 | my_accelerator/my_control_system/my_hash_unit/i___1027_n_0                                              |                                                                              |              175 |            512 |         2.93 |
|  my_clk_wiz/inst/clk_out1 | my_accelerator/my_control_system/my_xmss_node/hash_data_in_0[255]_i_1__2_n_0                            | my_accelerator/my_control_system/my_xmss_node/reset                          |              113 |            512 |         4.53 |
|  my_clk_wiz/inst/clk_out1 | my_accelerator/my_control_system/my_xmss_node/hash_data_in_2[255]_i_1__0_n_0                            | my_accelerator/my_control_system/my_xmss_node/reset                          |              134 |            512 |         3.82 |
|  my_clk_wiz/inst/clk_out1 | my_accelerator/my_control_system/my_hash_unit/core/w_mem_inst/w_mem_we_16                               | my_accelerator/my_control_system/my_hash_unit/hash_core_reset_reg_n_0        |              217 |            512 |         2.36 |
|  my_clk_wiz/inst/clk_out1 | my_accelerator/my_control_system/my_hash_unit/core/w_mem_inst/w_mem_we_33                               | my_accelerator/my_control_system/my_hash_unit/hash_core_reset_reg_n_0        |              169 |            512 |         3.03 |
|  my_clk_wiz/inst/clk_out1 | my_accelerator/my_control_system/my_xmss_sign/message_reg0                                              |                                                                              |              153 |            512 |         3.35 |
|  my_clk_wiz/inst/clk_out1 | my_accelerator/my_control_system/my_xmss_sign/message_wots_sign[255]_i_1_n_0                            | my_accelerator/my_control_system/my_xmss_node/reset                          |              166 |            512 |         3.08 |
|  my_clk_wiz/inst/clk_out1 | my_accelerator/my_control_system/my_xmss_sign/state_reg[1]                                              | my_accelerator/my_control_system/my_xmss_sign/state_reg[1]_0                 |              154 |            512 |         3.32 |
|  my_clk_wiz/inst/clk_out1 | my_accelerator/my_control_system/my_xmss_pkFromSig/hash_data_in_1[255]_i_1_n_0                          | my_accelerator/my_control_system/my_xmss_node/reset                          |              123 |            512 |         4.16 |
|  my_clk_wiz/inst/clk_out1 | my_accelerator/my_control_system/my_hash_unit/core/w_mem_inst/w_mem_we                                  | my_accelerator/my_control_system/my_hash_unit/hash_core_reset_reg_n_0        |              174 |            512 |         2.94 |
|  my_clk_wiz/inst/clk_out1 | my_accelerator/my_control_system/compresion_core/core/w_mem_inst/w_mem_we                               | my_accelerator/my_control_system/my_compression_mux/hash_reset               |              172 |            512 |         2.98 |
|  my_clk_wiz/inst/clk_out1 | my_accelerator/my_control_system/my_hash_unit/i___6_n_0                                                 |                                                                              |              143 |            512 |         3.58 |
|  my_clk_wiz/inst/clk_out1 | my_accelerator/my_control_system/my_xmss_node/state_reg[1]_0[0]                                         | my_accelerator/my_control_system/my_xmss_node/reset                          |              104 |            513 |         4.93 |
|  my_clk_wiz/inst/clk_out1 | my_accelerator/my_control_system/message_in_reg[255]_i_1_n_0                                            | my_accelerator/my_control_system/my_xmss_node/reset                          |              145 |            544 |         3.75 |
|  my_clk_wiz/inst/clk_out1 | my_accelerator/my_control_system/my_hash_unit/i___5_n_0                                                 | my_accelerator/my_control_system/my_hash_unit/i___4_n_0                      |              335 |           1024 |         3.06 |
|  my_clk_wiz/inst/clk_out1 | my_accelerator/my_control_system/my_hash_unit/i___8_n_0                                                 |                                                                              |              342 |           1025 |         3.00 |
|  my_clk_wiz/inst/clk_out1 |                                                                                                         | my_accelerator/my_control_system/my_xmss_node/reset                          |              878 |           2740 |         3.12 |
+---------------------------+---------------------------------------------------------------------------------------------------------+------------------------------------------------------------------------------+------------------+----------------+--------------+


